[nidhisinghanalyst.github.io/NidhiSinghDataAnalystPortfolio.github.io/index.html]
[backblue.gif]
[fade.gif]
[index.html]
[cdnjs.cloudflare.com/ajax/libs/font-awesome/6.0.0-beta3/css/all.min.css]
[nidhisinghanalyst.github.io/NidhiSinghDataAnalystPortfolio.github.io/assets/css/main.css]
[nidhisinghanalyst.github.io/NidhiSinghDataAnalystPortfolio.github.io/images/housing-banner-01.jpg]
[nidhisinghanalyst.github.io/NidhiSinghDataAnalystPortfolio.github.io/images/download.jpg]
[nidhisinghanalyst.github.io/NidhiSinghDataAnalystPortfolio.github.io/images/tabdownload.png]
[nidhisinghanalyst.github.io/NidhiSinghDataAnalystPortfolio.github.io/images/housingdata.jpg]
[nidhisinghanalyst.github.io/NidhiSinghDataAnalystPortfolio.github.io/images/PowerBI.png]
[nidhisinghanalyst.github.io/NidhiSinghDataAnalystPortfolio.github.io/index.html]
[cdnjs.cloudflare.com/ajax/libs/font-awesome/6.0.0-beta3/css/all.min.css]
[nidhisinghanalyst.github.io/NidhiSinghDataAnalystPortfolio.github.io/assets/css/fontawesome-all.min.css]
[nidhisinghanalyst.github.io/NidhiSinghDataAnalystPortfolio.github.io/images/overlay.png]
[nidhisinghanalyst.github.io/NidhiSinghDataAnalystPortfolio.github.io/images/bg.jpg]
[nidhisinghanalyst.github.io/NidhiSinghDataAnalystPortfolio.github.io/assets/css/main.css]
[nidhisinghanalyst.github.io/NidhiSinghDataAnalystPortfolio.github.io/assets/webfonts/fa-brands-400d41d.eot]
[nidhisinghanalyst.github.io/NidhiSinghDataAnalystPortfolio.github.io/assets/webfonts/fa-brands-400.eot]
[nidhisinghanalyst.github.io/NidhiSinghDataAnalystPortfolio.github.io/assets/webfonts/fa-brands-400.woff2]
[nidhisinghanalyst.github.io/NidhiSinghDataAnalystPortfolio.github.io/assets/webfonts/fa-brands-400.woff]
[nidhisinghanalyst.github.io/NidhiSinghDataAnalystPortfolio.github.io/assets/webfonts/fa-brands-400.ttf]
[nidhisinghanalyst.github.io/NidhiSinghDataAnalystPortfolio.github.io/assets/webfonts/fa-brands-400.svg]
[nidhisinghanalyst.github.io/NidhiSinghDataAnalystPortfolio.github.io/assets/webfonts/fa-regular-400.eot]
[nidhisinghanalyst.github.io/NidhiSinghDataAnalystPortfolio.github.io/assets/webfonts/fa-regular-400d41d.eot]
[nidhisinghanalyst.github.io/NidhiSinghDataAnalystPortfolio.github.io/assets/webfonts/fa-regular-400.woff2]
[nidhisinghanalyst.github.io/NidhiSinghDataAnalystPortfolio.github.io/assets/webfonts/fa-regular-400.woff]
[nidhisinghanalyst.github.io/NidhiSinghDataAnalystPortfolio.github.io/assets/webfonts/fa-regular-400.ttf]
[nidhisinghanalyst.github.io/NidhiSinghDataAnalystPortfolio.github.io/assets/webfonts/fa-regular-400.svg]
[nidhisinghanalyst.github.io/NidhiSinghDataAnalystPortfolio.github.io/assets/webfonts/fa-solid-900.eot]
[nidhisinghanalyst.github.io/NidhiSinghDataAnalystPortfolio.github.io/assets/webfonts/fa-solid-900d41d.eot]
[nidhisinghanalyst.github.io/NidhiSinghDataAnalystPortfolio.github.io/assets/webfonts/fa-solid-900.woff2]
[nidhisinghanalyst.github.io/NidhiSinghDataAnalystPortfolio.github.io/assets/webfonts/fa-solid-900.woff]
[nidhisinghanalyst.github.io/NidhiSinghDataAnalystPortfolio.github.io/assets/webfonts/fa-solid-900.ttf]
[nidhisinghanalyst.github.io/NidhiSinghDataAnalystPortfolio.github.io/assets/css/fontawesome-all.min.css]
[nidhisinghanalyst.github.io/NidhiSinghDataAnalystPortfolio.github.io/assets/webfonts/fa-brands-400.svg]
[nidhisinghanalyst.github.io/NidhiSinghDataAnalystPortfolio.github.io/assets/webfonts/fa-regular-400.svg]
[nidhisinghanalyst.github.io/NidhiSinghDataAnalystPortfolio.github.io/assets/webfonts/fa-solid-900.svg]
[nidhisinghanalyst.github.io/NidhiSinghDataAnalystPortfolio.github.io/assets/webfonts/fa-solid-900.svg]
